Running Gradle task 'assembleDebug'...                          
flutter : lib/core/servic
es/storage_service.dart:8
6:27: Error: The getter 
'id' isn't defined for 
the type 
'BlockingSession'.
At line:1 char:1
+ flutter build apk 
--debug > 
build_output.txt 2>&1
+ ~~~~~~~~~~~~~~~~~~~~~~~
~~~~~~~~~~~~~~~~~~~~~~~~~
~
    + CategoryInfo       
       : NotSpecified:   
  (lib/core/servic...o   
 ckingSession'.:Strin    
g) [], RemoteExcepti    
on
    + FullyQualifiedErro 
   rId : NativeCommandE  
  rror
 
 - 'BlockingSession' is 
from 'package:mytime/feat
ures/app_blocking/models/
blocking_session.dart' ('
lib/features/app_blocking
/models/blocking_session.
dart').
Try correcting the name 
to the name of an 
existing getter, or 
defining a getter or 
field named 'id'.
    await 
box.put(session.id, 
session);
                         
 ^^
lib/core/services/storage
_service.dart:99:24: 
Error: The getter 'id' 
isn't defined for the 
type 'BlockingRule'.
 - 'BlockingRule' is 
from 'package:mytime/feat
ures/app_blocking/models/
blocking_rule.dart' ('lib
/features/app_blocking/mo
dels/blocking_rule.dart')
.
Try correcting the name 
to the name of an 
existing getter, or 
defining a getter or 
field named 'id'.
    await 
box.put(rule.id, rule);
                       ^^
lib/core/services/storage
_service.dart:117:27: 
Error: The getter 'id' 
isn't defined for the 
type 'BypassAttempt'.
 - 'BypassAttempt' is 
from 'package:mytime/feat
ures/app_blocking/models/
bypass_attempt.dart' ('li
b/features/app_blocking/m
odels/bypass_attempt.dart
').
Try correcting the name 
to the name of an 
existing getter, or 
defining a getter or 
field named 'id'.
    await 
box.put(attempt.id, 
attempt);
                         
 ^^
Target 
kernel_snapshot_program 
failed: Exception


FAILURE: Build failed 
with an exception.

* What went wrong:
Execution failed for 
task ':app:compileFlutter
BuildDebug'.
> Process 'command 'C:\fl
utter\bin\flutter.bat'' 
finished with non-zero 
exit value 1

* Try:
> Run with --stacktrace 
option to get the stack 
trace.
> Run with --info or 
--debug option to get 
more log output.
> Run with --scan to get 
full insights.
> Get more help at 
https://help.gradle.org.

BUILD FAILED in 25s
Running Gradle task 'assembleDebug'...                             25.9s
Gradle task 
assembleDebug failed 
with exit code 1
